[29-Jun-2026 13:53:43 UTC] PHP Deprecated:  Creation of dynamic property SimpleModalLogin::$version is deprecated in /var/www/wptbox/wp-content/themes/filmplus/inc/features.php on line 872
[29-Jun-2026 13:53:58 UTC] PHP Deprecated:  Creation of dynamic property SimpleModalLogin::$version is deprecated in /var/www/wptbox/wp-content/themes/filmplus/inc/features.php on line 872
[29-Jun-2026 13:54:00 UTC] PHP Warning:  rmdir(/var/www/wptbox/wp-content/mu-plugins/wp-nc-easywp/banned-plugins): Read-only file system in /var/www/wptbox/wp-content/plugins/wp-reset/wp-reset.php on line 1279
[29-Jun-2026 13:54:00 UTC] PHP Warning:  rmdir(/var/www/wptbox/wp-content/mu-plugins/wp-nc-easywp/bootstrap): Read-only file system in /var/www/wptbox/wp-content/plugins/wp-reset/wp-reset.php on line 1279
[29-Jun-2026 13:54:00 UTC] PHP Warning:  rmdir(/var/www/wptbox/wp-content/mu-plugins/wp-nc-easywp/config): Read-only file system in /var/www/wptbox/wp-content/plugins/wp-reset/wp-reset.php on line 1279
[29-Jun-2026 13:54:00 UTC] PHP Warning:  rmdir(/var/www/wptbox/wp-content/mu-plugins/wp-nc-easywp/localization): Read-only file system in /var/www/wptbox/wp-content/plugins/wp-reset/wp-reset.php on line 1279
[29-Jun-2026 13:54:00 UTC] PHP Warning:  rmdir(/var/www/wptbox/wp-content/mu-plugins/wp-nc-easywp/plugin/Console/Commands): Read-only file system in /var/www/wptbox/wp-content/plugins/wp-reset/wp-reset.php on line 1279
[29-Jun-2026 13:54:00 UTC] PHP Warning:  rmdir(/var/www/wptbox/wp-content/mu-plugins/wp-nc-easywp/plugin/Console): Read-only file system in /var/www/wptbox/wp-content/plugins/wp-reset/wp-reset.php on line 1279
[29-Jun-2026 13:54:00 UTC] PHP Warning:  rmdir(/var/www/wptbox/wp-content/mu-plugins/wp-nc-easywp/plugin/Functions): Read-only file system in /var/www/wptbox/wp-content/plugins/wp-reset/wp-reset.php on line 1279
[29-Jun-2026 13:54:00 UTC] PHP Warning:  rmdir(/var/www/wptbox/wp-content/mu-plugins/wp-nc-easywp/plugin/Http/Controllers/Dashboard): Read-only file system in /var/www/wptbox/wp-content/plugins/wp-reset/wp-reset.php on line 1279
[29-Jun-2026 13:54:00 UTC] PHP Warning:  rmdir(/var/www/wptbox/wp-content/mu-plugins/wp-nc-easywp/plugin/Http/Controllers/OPCache): Read-only file system in /var/www/wptbox/wp-content/plugins/wp-reset/wp-reset.php on line 1279
[29-Jun-2026 13:54:00 UTC] PHP Warning:  rmdir(/var/www/wptbox/wp-content/mu-plugins/wp-nc-easywp/plugin/Http/Controllers/Redis): Read-only file system in /var/www/wptbox/wp-content/plugins/wp-reset/wp-reset.php on line 1279
[29-Jun-2026 13:54:00 UTC] PHP Warning:  rmdir(/var/www/wptbox/wp-content/mu-plugins/wp-nc-easywp/plugin/Http/Controllers/Varnish): Read-only file system in /var/www/wptbox/wp-content/plugins/wp-reset/wp-reset.php on line 1279
[29-Jun-2026 13:54:00 UTC] PHP Warning:  rmdir(/var/www/wptbox/wp-content/mu-plugins/wp-nc-easywp/plugin/Http/Controllers): Read-only file system in /var/www/wptbox/wp-content/plugins/wp-reset/wp-reset.php on line 1279
[29-Jun-2026 13:54:00 UTC] PHP Warning:  rmdir(/var/www/wptbox/wp-content/mu-plugins/wp-nc-easywp/plugin/Http): Read-only file system in /var/www/wptbox/wp-content/plugins/wp-reset/wp-reset.php on line 1279
[29-Jun-2026 13:54:00 UTC] PHP Warning:  rmdir(/var/www/wptbox/wp-content/mu-plugins/wp-nc-easywp/plugin/Providers/AutomaticUpdates): Read-only file system in /var/www/wptbox/wp-content/plugins/wp-reset/wp-reset.php on line 1279
[29-Jun-2026 13:54:00 UTC] PHP Warning:  rmdir(/var/www/wptbox/wp-content/mu-plugins/wp-nc-easywp/plugin/Providers/Checker): Read-only file system in /var/www/wptbox/wp-content/plugins/wp-reset/wp-reset.php on line 1279
[29-Jun-2026 13:54:00 UTC] PHP Warning:  rmdir(/var/www/wptbox/wp-content/mu-plugins/wp-nc-easywp/plugin/Providers/HackGuardian): Read-only file system in /var/www/wptbox/wp-content/plugins/wp-reset/wp-reset.php on line 1279
[29-Jun-2026 13:54:00 UTC] PHP Warning:  rmdir(/var/www/wptbox/wp-content/mu-plugins/wp-nc-easywp/plugin/Providers/OpcodeCache): Read-only file system in /var/www/wptbox/wp-content/plugins/wp-reset/wp-reset.php on line 1279
[29-Jun-2026 13:54:00 UTC] PHP Warning:  rmdir(/var/www/wptbox/wp-content/mu-plugins/wp-nc-easywp/plugin/Providers/Redis/includes): Read-only file system in /var/www/wptbox/wp-content/plugins/wp-reset/wp-reset.php on line 1279
[29-Jun-2026 13:54:00 UTC] PHP Warning:  rmdir(/var/www/wptbox/wp-content/mu-plugins/wp-nc-easywp/plugin/Providers/Redis): Read-only file system in /var/www/wptbox/wp-content/plugins/wp-reset/wp-reset.php on line 1279
[29-Jun-2026 13:54:00 UTC] PHP Warning:  rmdir(/var/www/wptbox/wp-content/mu-plugins/wp-nc-easywp/plugin/Providers/Varnish): Read-only file system in /var/www/wptbox/wp-content/plugins/wp-reset/wp-reset.php on line 1279
[29-Jun-2026 13:54:00 UTC] PHP Warning:  rmdir(/var/www/wptbox/wp-content/mu-plugins/wp-nc-easywp/plugin/Providers): Read-only file system in /var/www/wptbox/wp-content/plugins/wp-reset/wp-reset.php on line 1279
[29-Jun-2026 13:54:00 UTC] PHP Warning:  rmdir(/var/www/wptbox/wp-content/mu-plugins/wp-nc-easywp/plugin/Support): Read-only file system in /var/www/wptbox/wp-content/plugins/wp-reset/wp-reset.php on line 1279
[29-Jun-2026 13:54:00 UTC] PHP Warning:  rmdir(/var/www/wptbox/wp-content/mu-plugins/wp-nc-easywp/plugin/Traits): Read-only file system in /var/www/wptbox/wp-content/plugins/wp-reset/wp-reset.php on line 1279
[29-Jun-2026 13:54:00 UTC] PHP Warning:  rmdir(/var/www/wptbox/wp-content/mu-plugins/wp-nc-easywp/plugin): Read-only file system in /var/www/wptbox/wp-content/plugins/wp-reset/wp-reset.php on line 1279
[29-Jun-2026 13:54:00 UTC] PHP Warning:  rmdir(/var/www/wptbox/wp-content/mu-plugins/wp-nc-easywp/public/css): Read-only file system in /var/www/wptbox/wp-content/plugins/wp-reset/wp-reset.php on line 1279
[29-Jun-2026 13:54:00 UTC] PHP Warning:  rmdir(/var/www/wptbox/wp-content/mu-plugins/wp-nc-easywp/public/images): Read-only file system in /var/www/wptbox/wp-content/plugins/wp-reset/wp-reset.php on line 1279
[29-Jun-2026 13:54:00 UTC] PHP Warning:  rmdir(/var/www/wptbox/wp-content/mu-plugins/wp-nc-easywp/public/js): Read-only file system in /var/www/wptbox/wp-content/plugins/wp-reset/wp-reset.php on line 1279
[29-Jun-2026 13:54:00 UTC] PHP Warning:  rmdir(/var/www/wptbox/wp-content/mu-plugins/wp-nc-easywp/public): Read-only file system in /var/www/wptbox/wp-content/plugins/wp-reset/wp-reset.php on line 1279
[29-Jun-2026 13:54:00 UTC] PHP Warning:  rmdir(/var/www/wptbox/wp-content/mu-plugins/wp-nc-easywp/resources/views/dashboard): Read-only file system in /var/www/wptbox/wp-content/plugins/wp-reset/wp-reset.php on line 1279
[29-Jun-2026 13:54:00 UTC] PHP Warning:  rmdir(/var/www/wptbox/wp-content/mu-plugins/wp-nc-easywp/resources/views/opcache): Read-only file system in /var/www/wptbox/wp-content/plugins/wp-reset/wp-reset.php on line 1279
[29-Jun-2026 13:54:00 UTC] PHP Warning:  rmdir(/var/www/wptbox/wp-content/mu-plugins/wp-nc-easywp/resources/views/redis): Read-only file system in /var/www/wptbox/wp-content/plugins/wp-reset/wp-reset.php on line 1279
[29-Jun-2026 13:54:00 UTC] PHP Warning:  rmdir(/var/www/wptbox/wp-content/mu-plugins/wp-nc-easywp/resources/views/varnish): Read-only file system in /var/www/wptbox/wp-content/plugins/wp-reset/wp-reset.php on line 1279
[29-Jun-2026 13:54:00 UTC] PHP Warning:  rmdir(/var/www/wptbox/wp-content/mu-plugins/wp-nc-easywp/resources/views): Read-only file system in /var/www/wptbox/wp-content/plugins/wp-reset/wp-reset.php on line 1279
[29-Jun-2026 13:54:00 UTC] PHP Warning:  rmdir(/var/www/wptbox/wp-content/mu-plugins/wp-nc-easywp/resources): Read-only file system in /var/www/wptbox/wp-content/plugins/wp-reset/wp-reset.php on line 1279
[29-Jun-2026 13:54:00 UTC] PHP Warning:  rmdir(/var/www/wptbox/wp-content/mu-plugins/wp-nc-easywp/vendor/bin): Read-only file system in /var/www/wptbox/wp-content/plugins/wp-reset/wp-reset.php on line 1279
[29-Jun-2026 13:54:00 UTC] PHP Warning:  rmdir(/var/www/wptbox/wp-content/mu-plugins/wp-nc-easywp/vendor/composer): Read-only file system in /var/www/wptbox/wp-content/plugins/wp-reset/wp-reset.php on line 1279
[29-Jun-2026 13:54:00 UTC] PHP Warning:  rmdir(/var/www/wptbox/wp-content/mu-plugins/wp-nc-easywp/vendor/eftec/bladeone/lib): Read-only file system in /var/www/wptbox/wp-content/plugins/wp-reset/wp-reset.php on line 1279
[29-Jun-2026 13:54:00 UTC] PHP Warning:  rmdir(/var/www/wptbox/wp-content/mu-plugins/wp-nc-easywp/vendor/eftec/bladeone): Read-only file system in /var/www/wptbox/wp-content/plugins/wp-reset/wp-reset.php on line 1279
[29-Jun-2026 13:54:00 UTC] PHP Warning:  rmdir(/var/www/wptbox/wp-content/mu-plugins/wp-nc-easywp/vendor/eftec): Read-only file system in /var/www/wptbox/wp-content/plugins/wp-reset/wp-reset.php on line 1279
[29-Jun-2026 13:54:00 UTC] PHP Warning:  rmdir(/var/www/wptbox/wp-content/mu-plugins/wp-nc-easywp/vendor/symfony/deprecation-contracts): Read-only file system in /var/www/wptbox/wp-content/plugins/wp-reset/wp-reset.php on line 1279
[29-Jun-2026 13:54:00 UTC] PHP Warning:  rmdir(/var/www/wptbox/wp-content/mu-plugins/wp-nc-easywp/vendor/symfony/polyfill-ctype): Read-only file system in /var/www/wptbox/wp-content/plugins/wp-reset/wp-reset.php on line 1279
[29-Jun-2026 13:54:00 UTC] PHP Warning:  rmdir(/var/www/wptbox/wp-content/mu-plugins/wp-nc-easywp/vendor/symfony/yaml/Command): Read-only file system in /var/www/wptbox/wp-content/plugins/wp-reset/wp-reset.php on line 1279
[29-Jun-2026 13:54:00 UTC] PHP Warning:  rmdir(/var/www/wptbox/wp-content/mu-plugins/wp-nc-easywp/vendor/symfony/yaml/Exception): Read-only file system in /var/www/wptbox/wp-content/plugins/wp-reset/wp-reset.php on line 1279
[29-Jun-2026 13:54:00 UTC] PHP Warning:  rmdir(/var/www/wptbox/wp-content/mu-plugins/wp-nc-easywp/vendor/symfony/yaml/Resources/bin): Read-only file system in /var/www/wptbox/wp-content/plugins/wp-reset/wp-reset.php on line 1279
[29-Jun-2026 13:54:00 UTC] PHP Warning:  rmdir(/var/www/wptbox/wp-content/mu-plugins/wp-nc-easywp/vendor/symfony/yaml/Resources): Read-only file system in /var/www/wptbox/wp-content/plugins/wp-reset/wp-reset.php on line 1279
[29-Jun-2026 13:54:00 UTC] PHP Warning:  rmdir(/var/www/wptbox/wp-content/mu-plugins/wp-nc-easywp/vendor/symfony/yaml/Tag): Read-only file system in /var/www/wptbox/wp-content/plugins/wp-reset/wp-reset.php on line 1279
[29-Jun-2026 13:54:00 UTC] PHP Warning:  rmdir(/var/www/wptbox/wp-content/mu-plugins/wp-nc-easywp/vendor/symfony/yaml): Read-only file system in /var/www/wptbox/wp-content/plugins/wp-reset/wp-reset.php on line 1279
[29-Jun-2026 13:54:00 UTC] PHP Warning:  rmdir(/var/www/wptbox/wp-content/mu-plugins/wp-nc-easywp/vendor/symfony): Read-only file system in /var/www/wptbox/wp-content/plugins/wp-reset/wp-reset.php on line 1279
[29-Jun-2026 13:54:00 UTC] PHP Warning:  rmdir(/var/www/wptbox/wp-content/mu-plugins/wp-nc-easywp/vendor/wpbones/flags/src): Read-only file system in /var/www/wptbox/wp-content/plugins/wp-reset/wp-reset.php on line 1279
[29-Jun-2026 13:54:00 UTC] PHP Warning:  rmdir(/var/www/wptbox/wp-content/mu-plugins/wp-nc-easywp/vendor/wpbones/flags): Read-only file system in /var/www/wptbox/wp-content/plugins/wp-reset/wp-reset.php on line 1279
[29-Jun-2026 13:54:00 UTC] PHP Warning:  rmdir(/var/www/wptbox/wp-content/mu-plugins/wp-nc-easywp/vendor/wpbones/wpbones/src/Console): Read-only file system in /var/www/wptbox/wp-content/plugins/wp-reset/wp-reset.php on line 1279
[29-Jun-2026 13:54:00 UTC] PHP Warning:  rmdir(/var/www/wptbox/wp-content/mu-plugins/wp-nc-easywp/vendor/wpbones/wpbones/src/Container): Read-only file system in /var/www/wptbox/wp-content/plugins/wp-reset/wp-reset.php on line 1279
[29-Jun-2026 13:54:00 UTC] PHP Warning:  rmdir(/var/www/wptbox/wp-content/mu-plugins/wp-nc-easywp/vendor/wpbones/wpbones/src/Contracts/Container): Read-only file system in /var/www/wptbox/wp-content/plugins/wp-reset/wp-reset.php on line 1279
[29-Jun-2026 13:54:00 UTC] PHP Warning:  rmdir(/var/www/wptbox/wp-content/mu-plugins/wp-nc-easywp/vendor/wpbones/wpbones/src/Contracts/Foundation): Read-only file system in /var/www/wptbox/wp-content/plugins/wp-reset/wp-reset.php on line 1279
[29-Jun-2026 13:54:00 UTC] PHP Warning:  rmdir(/var/www/wptbox/wp-content/mu-plugins/wp-nc-easywp/vendor/wpbones/wpbones/src/Contracts): Read-only file system in /var/www/wptbox/wp-content/plugins/wp-reset/wp-reset.php on line 1279
[29-Jun-2026 13:54:00 UTC] PHP Warning:  rmdir(/var/www/wptbox/wp-content/mu-plugins/wp-nc-easywp/vendor/wpbones/wpbones/src/Database/Migrations): Read-only file system in /var/www/wptbox/wp-content/plugins/wp-reset/wp-reset.php on line 1279
[29-Jun-2026 13:54:00 UTC] PHP Warning:  rmdir(/var/www/wptbox/wp-content/mu-plugins/wp-nc-easywp/vendor/wpbones/wpbones/src/Database/Support): Read-only file system in /var/www/wptbox/wp-content/plugins/wp-reset/wp-reset.php on line 1279
[29-Jun-2026 13:54:00 UTC] PHP Warning:  rmdir(/var/www/wptbox/wp-content/mu-plugins/wp-nc-easywp/vendor/wpbones/wpbones/src/Database): Read-only file system in /var/www/wptbox/wp-content/plugins/wp-reset/wp-reset.php on line 1279
[29-Jun-2026 13:54:00 UTC] PHP Warning:  rmdir(/var/www/wptbox/wp-content/mu-plugins/wp-nc-easywp/vendor/wpbones/wpbones/src/Foundation/Console): Read-only file system in /var/www/wptbox/wp-content/plugins/wp-reset/wp-reset.php on line 1279
[29-Jun-2026 13:54:00 UTC] PHP Warning:  rmdir(/var/www/wptbox/wp-content/mu-plugins/wp-nc-easywp/vendor/wpbones/wpbones/src/Foundation/Http): Read-only file system in /var/www/wptbox/wp-content/plugins/wp-reset/wp-reset.php on line 1279
[29-Jun-2026 13:54:00 UTC] PHP Warning:  rmdir(/var/www/wptbox/wp-content/mu-plugins/wp-nc-easywp/vendor/wpbones/wpbones/src/Foundation/Log): Read-only file system in /var/www/wptbox/wp-content/plugins/wp-reset/wp-reset.php on line 1279
[29-Jun-2026 13:54:00 UTC] PHP Warning:  rmdir(/var/www/wptbox/wp-content/mu-plugins/wp-nc-easywp/vendor/wpbones/wpbones/src/Foundation): Read-only file system in /var/www/wptbox/wp-content/plugins/wp-reset/wp-reset.php on line 1279
[29-Jun-2026 13:54:00 UTC] PHP Warning:  rmdir(/var/www/wptbox/wp-content/mu-plugins/wp-nc-easywp/vendor/wpbones/wpbones/src/Html): Read-only file system in /var/www/wptbox/wp-content/plugins/wp-reset/wp-reset.php on line 1279
[29-Jun-2026 13:54:00 UTC] PHP Warning:  rmdir(/var/www/wptbox/wp-content/mu-plugins/wp-nc-easywp/vendor/wpbones/wpbones/src/Routing/API): Read-only file system in /var/www/wptbox/wp-content/plugins/wp-reset/wp-reset.php on line 1279
[29-Jun-2026 13:54:00 UTC] PHP Warning:  rmdir(/var/www/wptbox/wp-content/mu-plugins/wp-nc-easywp/vendor/wpbones/wpbones/src/Routing/Pages/Support): Read-only file system in /var/www/wptbox/wp-content/plugins/wp-reset/wp-reset.php on line 1279
[29-Jun-2026 13:54:00 UTC] PHP Warning:  rmdir(/var/www/wptbox/wp-content/mu-plugins/wp-nc-easywp/vendor/wpbones/wpbones/src/Routing/Pages): Read-only file system in /var/www/wptbox/wp-content/plugins/wp-reset/wp-reset.php on line 1279
[29-Jun-2026 13:54:00 UTC] PHP Warning:  rmdir(/var/www/wptbox/wp-content/mu-plugins/wp-nc-easywp/vendor/wpbones/wpbones/src/Routing): Read-only file system in /var/www/wptbox/wp-content/plugins/wp-reset/wp-reset.php on line 1279
[29-Jun-2026 13:54:00 UTC] PHP Warning:  rmdir(/var/www/wptbox/wp-content/mu-plugins/wp-nc-easywp/vendor/wpbones/wpbones/src/Support/Traits): Read-only file system in /var/www/wptbox/wp-content/plugins/wp-reset/wp-reset.php on line 1279
[29-Jun-2026 13:54:00 UTC] PHP Warning:  rmdir(/var/www/wptbox/wp-content/mu-plugins/wp-nc-easywp/vendor/wpbones/wpbones/src/Support): Read-only file system in /var/www/wptbox/wp-content/plugins/wp-reset/wp-reset.php on line 1279
[29-Jun-2026 13:54:00 UTC] PHP Warning:  rmdir(/var/www/wptbox/wp-content/mu-plugins/wp-nc-easywp/vendor/wpbones/wpbones/src/View): Read-only file system in /var/www/wptbox/wp-content/plugins/wp-reset/wp-reset.php on line 1279
[29-Jun-2026 13:54:00 UTC] PHP Warning:  rmdir(/var/www/wptbox/wp-content/mu-plugins/wp-nc-easywp/vendor/wpbones/wpbones/src): Read-only file system in /var/www/wptbox/wp-content/plugins/wp-reset/wp-reset.php on line 1279
[29-Jun-2026 13:54:00 UTC] PHP Warning:  rmdir(/var/www/wptbox/wp-content/mu-plugins/wp-nc-easywp/vendor/wpbones/wpbones): Read-only file system in /var/www/wptbox/wp-content/plugins/wp-reset/wp-reset.php on line 1279
[29-Jun-2026 13:54:00 UTC] PHP Warning:  rmdir(/var/www/wptbox/wp-content/mu-plugins/wp-nc-easywp/vendor/wpbones): Read-only file system in /var/www/wptbox/wp-content/plugins/wp-reset/wp-reset.php on line 1279
[29-Jun-2026 13:54:00 UTC] PHP Warning:  rmdir(/var/www/wptbox/wp-content/mu-plugins/wp-nc-easywp/vendor): Read-only file system in /var/www/wptbox/wp-content/plugins/wp-reset/wp-reset.php on line 1279
[29-Jun-2026 13:54:00 UTC] PHP Warning:  rmdir(/var/www/wptbox/wp-content/mu-plugins/wp-nc-easywp): Not a directory in /var/www/wptbox/wp-content/plugins/wp-reset/wp-reset.php on line 1279
[29-Jun-2026 13:54:07 UTC] PHP Warning:  file_get_contents(/var/www/wptbox/wp-content/object-cache.php): Failed to open stream: No such file or directory in /var/www/wptbox/wp-includes/functions.php on line 6948
[29-Jun-2026 13:55:02 UTC] PHP Deprecated:  Optional parameter $images declared before required parameter $label is implicitly treated as a required parameter in /var/www/wptbox/wp-content/themes/filmplus/inc/theme-options.php on line 118
[29-Jun-2026 13:55:02 UTC] PHP Deprecated:  Optional parameter $images declared before required parameter $label is implicitly treated as a required parameter in /var/www/wptbox/wp-content/themes/filmplus/inc/theme-options.php on line 139
[29-Jun-2026 13:55:02 UTC] PHP Warning:  Undefined property: SimpleModalLogin::$version in /var/www/wptbox/wp-content/themes/filmplus/inc/features.php on line 891
[29-Jun-2026 13:55:02 UTC] PHP Deprecated:  Creation of dynamic property SimpleModalLogin::$version is deprecated in /var/www/wptbox/wp-content/themes/filmplus/inc/features.php on line 872
[29-Jun-2026 13:55:39 UTC] PHP Deprecated:  Creation of dynamic property SimpleModalLogin::$version is deprecated in /var/www/wptbox/wp-content/themes/filmplus/inc/features.php on line 872
[29-Jun-2026 13:55:39 UTC] PHP Deprecated:  Creation of dynamic property SimpleModalLogin::$version is deprecated in /var/www/wptbox/wp-content/themes/filmplus/inc/features.php on line 872
[29-Jun-2026 13:55:39 UTC] PHP Warning:  Cannot modify header information - headers already sent in /var/www/wptbox/wp-content/themes/filmplus/inc/features.php on line 875
[29-Jun-2026 13:55:53 UTC] PHP Deprecated:  Creation of dynamic property SimpleModalLogin::$version is deprecated in /var/www/wptbox/wp-content/themes/filmplus/inc/features.php on line 872
[29-Jun-2026 13:56:57 UTC] PHP Deprecated:  Creation of dynamic property SimpleModalLogin::$version is deprecated in /var/www/wptbox/wp-content/themes/filmplus/inc/features.php on line 872
[29-Jun-2026 13:57:56 UTC] PHP Deprecated:  Creation of dynamic property SimpleModalLogin::$version is deprecated in /var/www/wptbox/wp-content/themes/filmplus/inc/features.php on line 872
[29-Jun-2026 13:59:58 UTC] PHP Deprecated:  Creation of dynamic property SimpleModalLogin::$version is deprecated in /var/www/wptbox/wp-content/themes/filmplus/inc/features.php on line 872
[29-Jun-2026 14:01:46 UTC] PHP Deprecated:  Creation of dynamic property SimpleModalLogin::$version is deprecated in /var/www/wptbox/wp-content/themes/filmplus/inc/features.php on line 872
[29-Jun-2026 14:01:55 UTC] PHP Deprecated:  Creation of dynamic property SimpleModalLogin::$version is deprecated in /var/www/wptbox/wp-content/themes/filmplus/inc/features.php on line 872
[29-Jun-2026 14:02:02 UTC] PHP Deprecated:  Creation of dynamic property SimpleModalLogin::$version is deprecated in /var/www/wptbox/wp-content/themes/filmplus/inc/features.php on line 872
[29-Jun-2026 14:02:06 UTC] PHP Deprecated:  Creation of dynamic property SimpleModalLogin::$version is deprecated in /var/www/wptbox/wp-content/themes/filmplus/inc/features.php on line 872
[29-Jun-2026 14:02:08 UTC] PHP Deprecated:  Creation of dynamic property SimpleModalLogin::$version is deprecated in /var/www/wptbox/wp-content/themes/filmplus/inc/features.php on line 872
[29-Jun-2026 14:02:08 UTC] PHP Deprecated:  Creation of dynamic property SimpleModalLogin::$version is deprecated in /var/www/wptbox/wp-content/themes/filmplus/inc/features.php on line 872
[29-Jun-2026 14:02:14 UTC] PHP Deprecated:  Creation of dynamic property SimpleModalLogin::$version is deprecated in /var/www/wptbox/wp-content/themes/filmplus/inc/features.php on line 872
[29-Jun-2026 14:02:29 UTC] PHP Deprecated:  Creation of dynamic property SimpleModalLogin::$version is deprecated in /var/www/wptbox/wp-content/themes/filmplus/inc/features.php on line 872
[29-Jun-2026 14:22:23 UTC] PHP Deprecated:  Creation of dynamic property SimpleModalLogin::$version is deprecated in /var/www/wptbox/wp-content/themes/filmplus/inc/features.php on line 872
[29-Jun-2026 14:22:51 UTC] PHP Deprecated:  Creation of dynamic property SimpleModalLogin::$version is deprecated in /var/www/wptbox/wp-content/themes/filmplus/inc/features.php on line 872
[29-Jun-2026 14:22:53 UTC] PHP Deprecated:  Creation of dynamic property SimpleModalLogin::$version is deprecated in /var/www/wptbox/wp-content/themes/filmplus/inc/features.php on line 872
[29-Jun-2026 14:23:55 UTC] PHP Deprecated:  Creation of dynamic property SimpleModalLogin::$version is deprecated in /var/www/wptbox/wp-content/themes/filmplus/inc/features.php on line 872
[29-Jun-2026 14:24:56 UTC] PHP Deprecated:  Creation of dynamic property SimpleModalLogin::$version is deprecated in /var/www/wptbox/wp-content/themes/filmplus/inc/features.php on line 872
[29-Jun-2026 14:26:59 UTC] PHP Deprecated:  Creation of dynamic property SimpleModalLogin::$version is deprecated in /var/www/wptbox/wp-content/themes/filmplus/inc/features.php on line 872
[29-Jun-2026 14:28:58 UTC] PHP Deprecated:  Creation of dynamic property SimpleModalLogin::$version is deprecated in /var/www/wptbox/wp-content/themes/filmplus/inc/features.php on line 872
[29-Jun-2026 14:30:47 UTC] PHP Deprecated:  Creation of dynamic property SimpleModalLogin::$version is deprecated in /var/www/wptbox/wp-content/themes/filmplus/inc/features.php on line 872
[29-Jun-2026 14:30:52 UTC] PHP Deprecated:  Creation of dynamic property SimpleModalLogin::$version is deprecated in /var/www/wptbox/wp-content/themes/filmplus/inc/features.php on line 872
[29-Jun-2026 14:30:52 UTC] PHP Deprecated:  Creation of dynamic property SimpleModalLogin::$version is deprecated in /var/www/wptbox/wp-content/themes/filmplus/inc/features.php on line 872
[29-Jun-2026 14:30:56 UTC] PHP Deprecated:  Creation of dynamic property SimpleModalLogin::$version is deprecated in /var/www/wptbox/wp-content/themes/filmplus/inc/features.php on line 872
[29-Jun-2026 14:31:09 UTC] PHP Deprecated:  Creation of dynamic property SimpleModalLogin::$version is deprecated in /var/www/wptbox/wp-content/themes/filmplus/inc/features.php on line 872
[29-Jun-2026 14:31:47 UTC] PHP Deprecated:  Creation of dynamic property SimpleModalLogin::$version is deprecated in /var/www/wptbox/wp-content/themes/filmplus/inc/features.php on line 872
[29-Jun-2026 14:31:48 UTC] PHP Deprecated:  Creation of dynamic property SimpleModalLogin::$version is deprecated in /var/www/wptbox/wp-content/themes/filmplus/inc/features.php on line 872
[29-Jun-2026 14:31:59 UTC] PHP Deprecated:  Creation of dynamic property SimpleModalLogin::$version is deprecated in /var/www/wptbox/wp-content/themes/filmplus/inc/features.php on line 872
[29-Jun-2026 14:32:48 UTC] PHP Deprecated:  Creation of dynamic property SimpleModalLogin::$version is deprecated in /var/www/wptbox/wp-content/themes/filmplus/inc/features.php on line 872
[29-Jun-2026 14:32:50 UTC] PHP Deprecated:  Creation of dynamic property SimpleModalLogin::$version is deprecated in /var/www/wptbox/wp-content/themes/filmplus/inc/features.php on line 872
[29-Jun-2026 14:33:11 UTC] PHP Deprecated:  Creation of dynamic property SimpleModalLogin::$version is deprecated in /var/www/wptbox/wp-content/themes/filmplus/inc/features.php on line 872
[29-Jun-2026 14:33:52 UTC] PHP Deprecated:  Creation of dynamic property SimpleModalLogin::$version is deprecated in /var/www/wptbox/wp-content/themes/filmplus/inc/features.php on line 872
[29-Jun-2026 14:34:54 UTC] PHP Deprecated:  Creation of dynamic property SimpleModalLogin::$version is deprecated in /var/www/wptbox/wp-content/themes/filmplus/inc/features.php on line 872
[29-Jun-2026 14:35:12 UTC] PHP Deprecated:  Creation of dynamic property SimpleModalLogin::$version is deprecated in /var/www/wptbox/wp-content/themes/filmplus/inc/features.php on line 872
[29-Jun-2026 14:36:55 UTC] PHP Deprecated:  Creation of dynamic property SimpleModalLogin::$version is deprecated in /var/www/wptbox/wp-content/themes/filmplus/inc/features.php on line 872
[29-Jun-2026 14:37:14 UTC] PHP Deprecated:  Creation of dynamic property SimpleModalLogin::$version is deprecated in /var/www/wptbox/wp-content/themes/filmplus/inc/features.php on line 872
[29-Jun-2026 14:38:56 UTC] PHP Deprecated:  Creation of dynamic property SimpleModalLogin::$version is deprecated in /var/www/wptbox/wp-content/themes/filmplus/inc/features.php on line 872
[29-Jun-2026 14:39:14 UTC] PHP Deprecated:  Creation of dynamic property SimpleModalLogin::$version is deprecated in /var/www/wptbox/wp-content/themes/filmplus/inc/features.php on line 872
[29-Jun-2026 14:40:33 UTC] PHP Deprecated:  Creation of dynamic property SimpleModalLogin::$version is deprecated in /var/www/wptbox/wp-content/themes/filmplus/inc/features.php on line 872
[29-Jun-2026 14:40:56 UTC] PHP Deprecated:  Creation of dynamic property SimpleModalLogin::$version is deprecated in /var/www/wptbox/wp-content/themes/filmplus/inc/features.php on line 872
[29-Jun-2026 14:41:33 UTC] PHP Deprecated:  Creation of dynamic property SimpleModalLogin::$version is deprecated in /var/www/wptbox/wp-content/themes/filmplus/inc/features.php on line 872
[29-Jun-2026 14:42:58 UTC] PHP Deprecated:  Creation of dynamic property SimpleModalLogin::$version is deprecated in /var/www/wptbox/wp-content/themes/filmplus/inc/features.php on line 872
[29-Jun-2026 14:43:34 UTC] PHP Deprecated:  Creation of dynamic property SimpleModalLogin::$version is deprecated in /var/www/wptbox/wp-content/themes/filmplus/inc/features.php on line 872
[29-Jun-2026 14:45:36 UTC] PHP Deprecated:  Creation of dynamic property SimpleModalLogin::$version is deprecated in /var/www/wptbox/wp-content/themes/filmplus/inc/features.php on line 872
[29-Jun-2026 14:47:37 UTC] PHP Deprecated:  Creation of dynamic property SimpleModalLogin::$version is deprecated in /var/www/wptbox/wp-content/themes/filmplus/inc/features.php on line 872
[29-Jun-2026 14:49:38 UTC] PHP Deprecated:  Creation of dynamic property SimpleModalLogin::$version is deprecated in /var/www/wptbox/wp-content/themes/filmplus/inc/features.php on line 872
[29-Jun-2026 17:41:40 UTC] PHP Deprecated:  Creation of dynamic property SimpleModalLogin::$version is deprecated in /var/www/wptbox/wp-content/themes/filmplus/inc/features.php on line 872
[29-Jun-2026 17:41:40 UTC] PHP Deprecated:  Creation of dynamic property SimpleModalLogin::$version is deprecated in /var/www/wptbox/wp-content/themes/filmplus/inc/features.php on line 872
[29-Jun-2026 17:41:40 UTC] PHP Warning:  Cannot modify header information - headers already sent in /var/www/wptbox/wp-content/themes/filmplus/inc/features.php on line 875
[29-Jun-2026 17:41:40 UTC] Automatic updates starting...
[29-Jun-2026 17:41:41 UTC] Automatic updates complete.
[29-Jun-2026 17:41:48 UTC] PHP Deprecated:  Creation of dynamic property SimpleModalLogin::$version is deprecated in /var/www/wptbox/wp-content/themes/filmplus/inc/features.php on line 872
[29-Jun-2026 17:41:54 UTC] PHP Deprecated:  Creation of dynamic property SimpleModalLogin::$version is deprecated in /var/www/wptbox/wp-content/themes/filmplus/inc/features.php on line 872
[29-Jun-2026 17:42:56 UTC] PHP Deprecated:  Creation of dynamic property SimpleModalLogin::$version is deprecated in /var/www/wptbox/wp-content/themes/filmplus/inc/features.php on line 872
[29-Jun-2026 17:43:57 UTC] PHP Deprecated:  Creation of dynamic property SimpleModalLogin::$version is deprecated in /var/www/wptbox/wp-content/themes/filmplus/inc/features.php on line 872
[29-Jun-2026 17:44:58 UTC] PHP Deprecated:  Creation of dynamic property SimpleModalLogin::$version is deprecated in /var/www/wptbox/wp-content/themes/filmplus/inc/features.php on line 872
[29-Jun-2026 17:46:59 UTC] PHP Deprecated:  Creation of dynamic property SimpleModalLogin::$version is deprecated in /var/www/wptbox/wp-content/themes/filmplus/inc/features.php on line 872
[29-Jun-2026 17:48:50 UTC] PHP Deprecated:  Creation of dynamic property SimpleModalLogin::$version is deprecated in /var/www/wptbox/wp-content/themes/filmplus/inc/features.php on line 872
[29-Jun-2026 17:49:51 UTC] PHP Deprecated:  Creation of dynamic property SimpleModalLogin::$version is deprecated in /var/www/wptbox/wp-content/themes/filmplus/inc/features.php on line 872
[29-Jun-2026 17:51:52 UTC] PHP Deprecated:  Creation of dynamic property SimpleModalLogin::$version is deprecated in /var/www/wptbox/wp-content/themes/filmplus/inc/features.php on line 872
[29-Jun-2026 17:53:53 UTC] PHP Deprecated:  Creation of dynamic property SimpleModalLogin::$version is deprecated in /var/www/wptbox/wp-content/themes/filmplus/inc/features.php on line 872
[29-Jun-2026 17:55:54 UTC] PHP Deprecated:  Creation of dynamic property SimpleModalLogin::$version is deprecated in /var/www/wptbox/wp-content/themes/filmplus/inc/features.php on line 872
[29-Jun-2026 17:57:55 UTC] PHP Deprecated:  Creation of dynamic property SimpleModalLogin::$version is deprecated in /var/www/wptbox/wp-content/themes/filmplus/inc/features.php on line 872
[29-Jun-2026 18:51:28 UTC] PHP Deprecated:  Creation of dynamic property SimpleModalLogin::$version is deprecated in /var/www/wptbox/wp-content/themes/filmplus/inc/features.php on line 872
[29-Jun-2026 18:51:28 UTC] PHP Deprecated:  Creation of dynamic property SimpleModalLogin::$version is deprecated in /var/www/wptbox/wp-content/themes/filmplus/inc/features.php on line 872
[29-Jun-2026 18:51:28 UTC] PHP Warning:  Cannot modify header information - headers already sent in /var/www/wptbox/wp-content/themes/filmplus/inc/features.php on line 875
[29-Jun-2026 18:51:37 UTC] PHP Deprecated:  Creation of dynamic property SimpleModalLogin::$version is deprecated in /var/www/wptbox/wp-content/themes/filmplus/inc/features.php on line 872
[29-Jun-2026 18:51:54 UTC] PHP Deprecated:  Creation of dynamic property SimpleModalLogin::$version is deprecated in /var/www/wptbox/wp-content/themes/filmplus/inc/features.php on line 872
[29-Jun-2026 18:52:47 UTC] PHP Deprecated:  Optional parameter $images declared before required parameter $label is implicitly treated as a required parameter in /var/www/wptbox/wp-content/themes/filmplus/inc/theme-options.php on line 118
[29-Jun-2026 18:52:47 UTC] PHP Deprecated:  Optional parameter $images declared before required parameter $label is implicitly treated as a required parameter in /var/www/wptbox/wp-content/themes/filmplus/inc/theme-options.php on line 139
[29-Jun-2026 18:52:47 UTC] PHP Warning:  Undefined property: SimpleModalLogin::$version in /var/www/wptbox/wp-content/themes/filmplus/inc/features.php on line 891
[29-Jun-2026 18:52:47 UTC] PHP Deprecated:  Creation of dynamic property SimpleModalLogin::$version is deprecated in /var/www/wptbox/wp-content/themes/filmplus/inc/features.php on line 872
[29-Jun-2026 18:53:49 UTC] PHP Deprecated:  Creation of dynamic property SimpleModalLogin::$version is deprecated in /var/www/wptbox/wp-content/themes/filmplus/inc/features.php on line 872
[29-Jun-2026 18:53:49 UTC] PHP Deprecated:  Creation of dynamic property SimpleModalLogin::$version is deprecated in /var/www/wptbox/wp-content/themes/filmplus/inc/features.php on line 872
[29-Jun-2026 18:53:49 UTC] PHP Warning:  Cannot modify header information - headers already sent in /var/www/wptbox/wp-content/themes/filmplus/inc/features.php on line 875
[29-Jun-2026 18:54:50 UTC] PHP Deprecated:  Creation of dynamic property SimpleModalLogin::$version is deprecated in /var/www/wptbox/wp-content/themes/filmplus/inc/features.php on line 872
[29-Jun-2026 18:54:53 UTC] PHP Deprecated:  Creation of dynamic property SimpleModalLogin::$version is deprecated in /var/www/wptbox/wp-content/themes/filmplus/inc/features.php on line 872
[29-Jun-2026 18:54:59 UTC] PHP Deprecated:  Creation of dynamic property SimpleModalLogin::$version is deprecated in /var/www/wptbox/wp-content/themes/filmplus/inc/features.php on line 872
[29-Jun-2026 18:55:01 UTC] PHP Deprecated:  Creation of dynamic property SimpleModalLogin::$version is deprecated in /var/www/wptbox/wp-content/themes/filmplus/inc/features.php on line 872
[29-Jun-2026 18:55:04 UTC] PHP Deprecated:  Creation of dynamic property SimpleModalLogin::$version is deprecated in /var/www/wptbox/wp-content/themes/filmplus/inc/features.php on line 872
[29-Jun-2026 18:55:06 UTC] PHP Deprecated:  Creation of dynamic property SimpleModalLogin::$version is deprecated in /var/www/wptbox/wp-content/themes/filmplus/inc/features.php on line 872
[29-Jun-2026 18:55:06 UTC] PHP Deprecated:  Creation of dynamic property SimpleModalLogin::$version is deprecated in /var/www/wptbox/wp-content/themes/filmplus/inc/features.php on line 872
[29-Jun-2026 18:56:08 UTC] PHP Deprecated:  Creation of dynamic property SimpleModalLogin::$version is deprecated in /var/www/wptbox/wp-content/themes/filmplus/inc/features.php on line 872
[29-Jun-2026 18:57:03 UTC] PHP Deprecated:  Creation of dynamic property SimpleModalLogin::$version is deprecated in /var/www/wptbox/wp-content/themes/filmplus/inc/features.php on line 872
[29-Jun-2026 18:57:11 UTC] PHP Deprecated:  Creation of dynamic property SimpleModalLogin::$version is deprecated in /var/www/wptbox/wp-content/themes/filmplus/inc/features.php on line 872
[29-Jun-2026 18:57:17 UTC] PHP Deprecated:  Creation of dynamic property SimpleModalLogin::$version is deprecated in /var/www/wptbox/wp-content/themes/filmplus/inc/features.php on line 872
[29-Jun-2026 18:57:21 UTC] PHP Deprecated:  Creation of dynamic property SimpleModalLogin::$version is deprecated in /var/www/wptbox/wp-content/themes/filmplus/inc/features.php on line 872
[29-Jun-2026 18:57:24 UTC] PHP Deprecated:  Creation of dynamic property SimpleModalLogin::$version is deprecated in /var/www/wptbox/wp-content/themes/filmplus/inc/features.php on line 872
[29-Jun-2026 18:57:24 UTC] PHP Deprecated:  Creation of dynamic property SimpleModalLogin::$version is deprecated in /var/www/wptbox/wp-content/themes/filmplus/inc/features.php on line 872
[29-Jun-2026 18:57:24 UTC] PHP Deprecated:  Creation of dynamic property SimpleModalLogin::$version is deprecated in /var/www/wptbox/wp-content/themes/filmplus/inc/features.php on line 872
[29-Jun-2026 18:57:24 UTC] PHP Deprecated:  Creation of dynamic property SimpleModalLogin::$version is deprecated in /var/www/wptbox/wp-content/themes/filmplus/inc/features.php on line 872
[29-Jun-2026 18:57:24 UTC] PHP Deprecated:  Creation of dynamic property SimpleModalLogin::$version is deprecated in /var/www/wptbox/wp-content/themes/filmplus/inc/features.php on line 872
[29-Jun-2026 18:57:24 UTC] PHP Deprecated:  Creation of dynamic property SimpleModalLogin::$version is deprecated in /var/www/wptbox/wp-content/themes/filmplus/inc/features.php on line 872
[29-Jun-2026 18:57:24 UTC] PHP Deprecated:  Creation of dynamic property SimpleModalLogin::$version is deprecated in /var/www/wptbox/wp-content/themes/filmplus/inc/features.php on line 872
[29-Jun-2026 18:57:25 UTC] PHP Deprecated:  Creation of dynamic property SimpleModalLogin::$version is deprecated in /var/www/wptbox/wp-content/themes/filmplus/inc/features.php on line 872
[29-Jun-2026 18:57:25 UTC] PHP Deprecated:  Creation of dynamic property SimpleModalLogin::$version is deprecated in /var/www/wptbox/wp-content/themes/filmplus/inc/features.php on line 872
[29-Jun-2026 18:57:28 UTC] PHP Deprecated:  Creation of dynamic property SimpleModalLogin::$version is deprecated in /var/www/wptbox/wp-content/themes/filmplus/inc/features.php on line 872
[29-Jun-2026 18:57:30 UTC] PHP Deprecated:  Creation of dynamic property SimpleModalLogin::$version is deprecated in /var/www/wptbox/wp-content/themes/filmplus/inc/features.php on line 872
[29-Jun-2026 18:57:32 UTC] PHP Deprecated:  Creation of dynamic property SimpleModalLogin::$version is deprecated in /var/www/wptbox/wp-content/themes/filmplus/inc/features.php on line 872
[29-Jun-2026 18:57:34 UTC] PHP Deprecated:  Creation of dynamic property SimpleModalLogin::$version is deprecated in /var/www/wptbox/wp-content/themes/filmplus/inc/features.php on line 872
[29-Jun-2026 18:58:05 UTC] PHP Deprecated:  Creation of dynamic property SimpleModalLogin::$version is deprecated in /var/www/wptbox/wp-content/themes/filmplus/inc/features.php on line 872
[29-Jun-2026 18:58:36 UTC] PHP Deprecated:  Creation of dynamic property SimpleModalLogin::$version is deprecated in /var/www/wptbox/wp-content/themes/filmplus/inc/features.php on line 872
[29-Jun-2026 18:58:58 UTC] PHP Deprecated:  Creation of dynamic property SimpleModalLogin::$version is deprecated in /var/www/wptbox/wp-content/themes/filmplus/inc/features.php on line 872
[29-Jun-2026 18:59:43 UTC] PHP Deprecated:  Creation of dynamic property SimpleModalLogin::$version is deprecated in /var/www/wptbox/wp-content/themes/filmplus/inc/features.php on line 872
[29-Jun-2026 19:00:00 UTC] PHP Deprecated:  Creation of dynamic property SimpleModalLogin::$version is deprecated in /var/www/wptbox/wp-content/themes/filmplus/inc/features.php on line 872
[29-Jun-2026 19:00:46 UTC] PHP Deprecated:  Creation of dynamic property SimpleModalLogin::$version is deprecated in /var/www/wptbox/wp-content/themes/filmplus/inc/features.php on line 872
[29-Jun-2026 19:01:00 UTC] PHP Deprecated:  Creation of dynamic property SimpleModalLogin::$version is deprecated in /var/www/wptbox/wp-content/themes/filmplus/inc/features.php on line 872
[29-Jun-2026 19:01:02 UTC] PHP Deprecated:  Creation of dynamic property SimpleModalLogin::$version is deprecated in /var/www/wptbox/wp-content/themes/filmplus/inc/features.php on line 872
[29-Jun-2026 19:01:05 UTC] PHP Deprecated:  Creation of dynamic property SimpleModalLogin::$version is deprecated in /var/www/wptbox/wp-content/themes/filmplus/inc/features.php on line 872
[29-Jun-2026 19:01:15 UTC] PHP Deprecated:  Creation of dynamic property SimpleModalLogin::$version is deprecated in /var/www/wptbox/wp-content/themes/filmplus/inc/features.php on line 872
[29-Jun-2026 19:02:08 UTC] PHP Deprecated:  Creation of dynamic property SimpleModalLogin::$version is deprecated in /var/www/wptbox/wp-content/themes/filmplus/inc/features.php on line 872
[29-Jun-2026 19:02:20 UTC] PHP Deprecated:  Creation of dynamic property SimpleModalLogin::$version is deprecated in /var/www/wptbox/wp-content/themes/filmplus/inc/features.php on line 872
[29-Jun-2026 19:03:21 UTC] PHP Deprecated:  Creation of dynamic property SimpleModalLogin::$version is deprecated in /var/www/wptbox/wp-content/themes/filmplus/inc/features.php on line 872
[29-Jun-2026 19:04:22 UTC] PHP Deprecated:  Creation of dynamic property SimpleModalLogin::$version is deprecated in /var/www/wptbox/wp-content/themes/filmplus/inc/features.php on line 872
[29-Jun-2026 19:04:49 UTC] PHP Deprecated:  Creation of dynamic property SimpleModalLogin::$version is deprecated in /var/www/wptbox/wp-content/themes/filmplus/inc/features.php on line 872
